  pch.cpp
  AssemblyInfo.cpp
  CppCLR_WinFormsProject.cpp
D:\Учёба\МТУСИ\5 семест\ИТИП\Лабораторная работа 5\Laba5\Laba5\paint_area.h(75,33): warning C4244: инициализация: преобразование "double" в "int", возможна потеря данных
  (компиляция исходного файла "/CppCLR_WinFormsProject.cpp")
  
D:\Учёба\МТУСИ\5 семест\ИТИП\Лабораторная работа 5\Laba5\Laba5\paint_area.h(234,78): warning C4244: аргумент: преобразование "int" в "float", возможна потеря данных
  (компиляция исходного файла "/CppCLR_WinFormsProject.cpp")
  
D:\Учёба\МТУСИ\5 семест\ИТИП\Лабораторная работа 5\Laba5\Laba5\MainForm.h(633,25): warning C4677: area: сигнатура члена, не являющегося частным, содержит частный тип сборки "paint_area"
  (компиляция исходного файла "/CppCLR_WinFormsProject.cpp")
      D:\Учёба\МТУСИ\5 семест\ИТИП\Лабораторная работа 5\Laba5\Laba5\paint_area.h(14,11):
       см. объявление "paint_area"
  
D:\Учёба\МТУСИ\5 семест\ИТИП\Лабораторная работа 5\Laba5\Laba5\MainForm.h(634,36): warning C4677: areaWithDeleted: сигнатура члена, не являющегося частным, содержит частный тип сборки "paint_area"
  (компиляция исходного файла "/CppCLR_WinFormsProject.cpp")
      D:\Учёба\МТУСИ\5 семест\ИТИП\Лабораторная работа 5\Laba5\Laba5\paint_area.h(14,11):
       см. объявление "paint_area"
  
D:\Учёба\МТУСИ\5 семест\ИТИП\Лабораторная работа 5\Laba5\Laba5\MainForm.h(635,30): warning C4677: areaBTree: сигнатура члена, не являющегося частным, содержит частный тип сборки "paint_area"
  (компиляция исходного файла "/CppCLR_WinFormsProject.cpp")
      D:\Учёба\МТУСИ\5 семест\ИТИП\Лабораторная работа 5\Laba5\Laba5\paint_area.h(14,11):
       см. объявление "paint_area"
  
D:\Учёба\МТУСИ\5 семест\ИТИП\Лабораторная работа 5\Laba5\Laba5\MainForm.h(636,31): warning C4677: areaRBTree: сигнатура члена, не являющегося частным, содержит частный тип сборки "paint_area"
  (компиляция исходного файла "/CppCLR_WinFormsProject.cpp")
      D:\Учёба\МТУСИ\5 семест\ИТИП\Лабораторная работа 5\Laba5\Laba5\paint_area.h(14,11):
       см. объявление "paint_area"
  
D:\Учёба\МТУСИ\5 семест\ИТИП\Лабораторная работа 5\Laba5\Laba5\MainForm.h(637,36): warning C4677: areaBalansedPos: сигнатура члена, не являющегося частным, содержит частный тип сборки "paint_area"
  (компиляция исходного файла "/CppCLR_WinFormsProject.cpp")
      D:\Учёба\МТУСИ\5 семест\ИТИП\Лабораторная работа 5\Laba5\Laba5\paint_area.h(14,11):
       см. объявление "paint_area"
  
D:\Учёба\МТУСИ\5 семест\ИТИП\Лабораторная работа 5\Laba5\Laba5\MainForm.h(638,36): warning C4677: areaBalansedNeg: сигнатура члена, не являющегося частным, содержит частный тип сборки "paint_area"
  (компиляция исходного файла "/CppCLR_WinFormsProject.cpp")
      D:\Учёба\МТУСИ\5 семест\ИТИП\Лабораторная работа 5\Laba5\Laba5\paint_area.h(14,11):
       см. объявление "paint_area"
  
D:\Учёба\МТУСИ\5 семест\ИТИП\Лабораторная работа 5\Laba5\Laba5\MainForm.h(304,100): warning C4267: аргумент: преобразование из "size_t" в "int"; возможна потеря данных
  (компиляция исходного файла "/CppCLR_WinFormsProject.cpp")
  
D:\Учёба\МТУСИ\5 семест\ИТИП\Лабораторная работа 5\Laba5\Laba5\MainForm.h(305,109): warning C4267: аргумент: преобразование из "size_t" в "int"; возможна потеря данных
  (компиляция исходного файла "/CppCLR_WinFormsProject.cpp")
  
  Form1.cpp
  MainForm.cpp
D:\Учёба\МТУСИ\5 семест\ИТИП\Лабораторная работа 5\Laba5\Laba5\paint_area.h(75,33): warning C4244: инициализация: преобразование "double" в "int", возможна потеря данных
  (компиляция исходного файла "/MainForm.cpp")
  
D:\Учёба\МТУСИ\5 семест\ИТИП\Лабораторная работа 5\Laba5\Laba5\paint_area.h(234,78): warning C4244: аргумент: преобразование "int" в "float", возможна потеря данных
  (компиляция исходного файла "/MainForm.cpp")
  
D:\Учёба\МТУСИ\5 семест\ИТИП\Лабораторная работа 5\Laba5\Laba5\MainForm.h(633,25): warning C4677: area: сигнатура члена, не являющегося частным, содержит частный тип сборки "paint_area"
  (компиляция исходного файла "/MainForm.cpp")
      D:\Учёба\МТУСИ\5 семест\ИТИП\Лабораторная работа 5\Laba5\Laba5\paint_area.h(14,11):
       см. объявление "paint_area"
  
D:\Учёба\МТУСИ\5 семест\ИТИП\Лабораторная работа 5\Laba5\Laba5\MainForm.h(634,36): warning C4677: areaWithDeleted: сигнатура члена, не являющегося частным, содержит частный тип сборки "paint_area"
  (компиляция исходного файла "/MainForm.cpp")
      D:\Учёба\МТУСИ\5 семест\ИТИП\Лабораторная работа 5\Laba5\Laba5\paint_area.h(14,11):
       см. объявление "paint_area"
  
D:\Учёба\МТУСИ\5 семест\ИТИП\Лабораторная работа 5\Laba5\Laba5\MainForm.h(635,30): warning C4677: areaBTree: сигнатура члена, не являющегося частным, содержит частный тип сборки "paint_area"
  (компиляция исходного файла "/MainForm.cpp")
      D:\Учёба\МТУСИ\5 семест\ИТИП\Лабораторная работа 5\Laba5\Laba5\paint_area.h(14,11):
       см. объявление "paint_area"
  
D:\Учёба\МТУСИ\5 семест\ИТИП\Лабораторная работа 5\Laba5\Laba5\MainForm.h(636,31): warning C4677: areaRBTree: сигнатура члена, не являющегося частным, содержит частный тип сборки "paint_area"
  (компиляция исходного файла "/MainForm.cpp")
      D:\Учёба\МТУСИ\5 семест\ИТИП\Лабораторная работа 5\Laba5\Laba5\paint_area.h(14,11):
       см. объявление "paint_area"
  
D:\Учёба\МТУСИ\5 семест\ИТИП\Лабораторная работа 5\Laba5\Laba5\MainForm.h(637,36): warning C4677: areaBalansedPos: сигнатура члена, не являющегося частным, содержит частный тип сборки "paint_area"
  (компиляция исходного файла "/MainForm.cpp")
      D:\Учёба\МТУСИ\5 семест\ИТИП\Лабораторная работа 5\Laba5\Laba5\paint_area.h(14,11):
       см. объявление "paint_area"
  
D:\Учёба\МТУСИ\5 семест\ИТИП\Лабораторная работа 5\Laba5\Laba5\MainForm.h(638,36): warning C4677: areaBalansedNeg: сигнатура члена, не являющегося частным, содержит частный тип сборки "paint_area"
  (компиляция исходного файла "/MainForm.cpp")
      D:\Учёба\МТУСИ\5 семест\ИТИП\Лабораторная работа 5\Laba5\Laba5\paint_area.h(14,11):
       см. объявление "paint_area"
  
D:\Учёба\МТУСИ\5 семест\ИТИП\Лабораторная работа 5\Laba5\Laba5\MainForm.h(304,100): warning C4267: аргумент: преобразование из "size_t" в "int"; возможна потеря данных
  (компиляция исходного файла "/MainForm.cpp")
  
D:\Учёба\МТУСИ\5 семест\ИТИП\Лабораторная работа 5\Laba5\Laba5\MainForm.h(305,109): warning C4267: аргумент: преобразование из "size_t" в "int"; возможна потеря данных
  (компиляция исходного файла "/MainForm.cpp")
  
  paint_area.cpp
D:\Учёба\МТУСИ\5 семест\ИТИП\Лабораторная работа 5\Laba5\Laba5\paint_area.h(75,33): warning C4244: инициализация: преобразование "double" в "int", возможна потеря данных
  (компиляция исходного файла "/paint_area.cpp")
  
D:\Учёба\МТУСИ\5 семест\ИТИП\Лабораторная работа 5\Laba5\Laba5\paint_area.h(234,78): warning C4244: аргумент: преобразование "int" в "float", возможна потеря данных
  (компиляция исходного файла "/paint_area.cpp")
  
  sad.cpp
  Создание кода...
  .NETFramework,Version=v4.7.2.AssemblyAttributes.cpp
  AssemblyInfo.obj : обнаружен модуль MSIL; для MSIL последовательная компоновка отключена; выполняется полная компоновка
  Laba5.vcxproj -> D:\Учёба\МТУСИ\5 семест\ИТИП\Лабораторная работа 5\Laba5\x64\Debug\Laba5.exe
