  CppCLR_WinFormsProject.cpp
C:\Users\romas\source\repos\Laba8\Laba8\Form1.h(338,13): warning C4267: инициализация: преобразование из "size_t" в "int"; возможна потеря данных
  (компиляция исходного файла "/CppCLR_WinFormsProject.cpp")
  
C:\Users\romas\source\repos\Laba8\Laba8\Form1.h(339,13): warning C4267: инициализация: преобразование из "size_t" в "int"; возможна потеря данных
  (компиляция исходного файла "/CppCLR_WinFormsProject.cpp")
  
C:\Users\romas\source\repos\Laba8\Laba8\Form1.h(340,14): warning C4267: инициализация: преобразование из "size_t" в "int"; возможна потеря данных
  (компиляция исходного файла "/CppCLR_WinFormsProject.cpp")
  
C:\Users\romas\source\repos\Laba8\Laba8\Form1.h(355,13): warning C4267: инициализация: преобразование из "size_t" в "int"; возможна потеря данных
  (компиляция исходного файла "/CppCLR_WinFormsProject.cpp")
  
C:\Users\romas\source\repos\Laba8\Laba8\Form1.h(356,13): warning C4267: инициализация: преобразование из "size_t" в "int"; возможна потеря данных
  (компиляция исходного файла "/CppCLR_WinFormsProject.cpp")
  
C:\Users\romas\source\repos\Laba8\Laba8\Form1.h(357,14): warning C4267: инициализация: преобразование из "size_t" в "int"; возможна потеря данных
  (компиляция исходного файла "/CppCLR_WinFormsProject.cpp")
  
C:\Users\romas\source\repos\Laba8\Laba8\Form1.h(372,13): warning C4267: инициализация: преобразование из "size_t" в "int"; возможна потеря данных
  (компиляция исходного файла "/CppCLR_WinFormsProject.cpp")
  
C:\Users\romas\source\repos\Laba8\Laba8\Form1.h(373,13): warning C4267: инициализация: преобразование из "size_t" в "int"; возможна потеря данных
  (компиляция исходного файла "/CppCLR_WinFormsProject.cpp")
  
C:\Users\romas\source\repos\Laba8\Laba8\Form1.h(396,18): warning C4267: инициализация: преобразование из "size_t" в "int"; возможна потеря данных
  (компиляция исходного файла "/CppCLR_WinFormsProject.cpp")
  
  AssemblyInfo.obj : обнаружен модуль MSIL; для MSIL последовательная компоновка отключена; выполняется полная компоновка
  Laba8.vcxproj -> C:\Users\romas\source\repos\Laba8\x64\Debug\Laba8.exe
