d:\учёба\repos\cofeemachine\cofeemachine\x64\debug\coffeemachine.pch
d:\учёба\repos\cofeemachine\cofeemachine\x64\debug\vc143.pdb
d:\учёба\repos\cofeemachine\cofeemachine\x64\debug\pch.obj
d:\учёба\repos\cofeemachine\cofeemachine\x64\debug\machine.obj
d:\учёба\repos\cofeemachine\cofeemachine\x64\debug\human.obj
d:\учёба\repos\cofeemachine\cofeemachine\x64\debug\form1.obj
d:\учёба\repos\cofeemachine\cofeemachine\x64\debug\cup.obj
d:\учёба\repos\cofeemachine\cofeemachine\x64\debug\cppclr_winformsproject.obj
d:\учёба\repos\cofeemachine\cofeemachine\x64\debug\assemblyinfo.obj
d:\учёба\repos\cofeemachine\cofeemachine\x64\debug\.netframework,version=v4.7.2.assemblyattributes.obj
c:\users\romas\source\repos\cofeemachine\x64\debug\coffeemachine.exe
c:\users\romas\source\repos\cofeemachine\x64\debug\coffeemachine.pdb
d:\учёба\repos\cofeemachine\x64\debug\coffeemachine.exe
d:\учёба\repos\cofeemachine\x64\debug\coffeemachine.pdb
c:\users\romas\source\repos\cofeemachine\cofeemachine\x64\debug\app.res
d:\учёба\repos\cofeemachine\cofeemachine\x64\debug\app.res
c:\users\oioii\source\repos\oioiieii\my_projects\coffeemachine\cofeemachine\x64\debug\cofeemachine.vcxproj.assemblyreference.cache
c:\users\oioii\source\repos\oioiieii\my_projects\coffeemachine\cofeemachine\x64\debug\cofeemachine.vcxproj.generateresource.cache
c:\users\oioii\source\repos\oioiieii\my_projects\coffeemachine\cofeemachine\x64\debug\.netframework,version=v4.7.2.assemblyattributes.obj
c:\users\oioii\source\repos\oioiieii\my_projects\coffeemachine\cofeemachine\x64\debug\assemblyinfo.obj
c:\users\oioii\source\repos\oioiieii\my_projects\coffeemachine\cofeemachine\x64\debug\cppclr_winformsproject.obj
c:\users\oioii\source\repos\oioiieii\my_projects\coffeemachine\cofeemachine\x64\debug\cup.obj
c:\users\oioii\source\repos\oioiieii\my_projects\coffeemachine\cofeemachine\x64\debug\form1.obj
c:\users\oioii\source\repos\oioiieii\my_projects\coffeemachine\cofeemachine\x64\debug\human.obj
c:\users\oioii\source\repos\oioiieii\my_projects\coffeemachine\cofeemachine\x64\debug\machine.obj
c:\users\oioii\source\repos\oioiieii\my_projects\coffeemachine\cofeemachine\x64\debug\pch.obj
c:\users\oioii\source\repos\oioiieii\my_projects\coffeemachine\cofeemachine\x64\debug\cofeemachine.form1.resources
c:\users\oioii\source\repos\oioiieii\my_projects\coffeemachine\cofeemachine\x64\debug\coffeemachine.pch
c:\users\oioii\source\repos\oioiieii\my_projects\coffeemachine\cofeemachine\x64\debug\vc143.pdb
c:\users\oioii\source\repos\oioiieii\my_projects\coffeemachine\cofeemachine\x64\debug\coffeemachine.tlog\cl.command.1.tlog
c:\users\oioii\source\repos\oioiieii\my_projects\coffeemachine\cofeemachine\x64\debug\coffeemachine.tlog\cl.items.tlog
c:\users\oioii\source\repos\oioiieii\my_projects\coffeemachine\cofeemachine\x64\debug\coffeemachine.tlog\cl.read.1.tlog
c:\users\oioii\source\repos\oioiieii\my_projects\coffeemachine\cofeemachine\x64\debug\coffeemachine.tlog\cl.write.1.tlog
c:\users\oioii\source\repos\oioiieii\my_projects\coffeemachine\cofeemachine\x64\debug\coffeemachine.tlog\link.command.1.tlog
c:\users\oioii\source\repos\oioiieii\my_projects\coffeemachine\cofeemachine\x64\debug\coffeemachine.tlog\link.read.1.tlog
c:\users\oioii\source\repos\oioiieii\my_projects\coffeemachine\cofeemachine\x64\debug\coffeemachine.tlog\link.secondary.1.tlog
c:\users\oioii\source\repos\oioiieii\my_projects\coffeemachine\cofeemachine\x64\debug\coffeemachine.tlog\link.write.1.tlog
c:\users\oioii\source\repos\oioiieii\my_projects\coffeemachine\cofeemachine\x64\debug\coffeemachine.tlog\metagen.read.1.tlog
c:\users\oioii\source\repos\oioiieii\my_projects\coffeemachine\cofeemachine\x64\debug\coffeemachine.tlog\metagen.write.1.tlog
c:\users\oioii\source\repos\oioiieii\my_projects\coffeemachine\cofeemachine\x64\debug\coffeemachine.tlog\rc.command.1.tlog
c:\users\oioii\source\repos\oioiieii\my_projects\coffeemachine\cofeemachine\x64\debug\coffeemachine.tlog\rc.read.1.tlog
c:\users\oioii\source\repos\oioiieii\my_projects\coffeemachine\cofeemachine\x64\debug\coffeemachine.tlog\rc.write.1.tlog
c:\users\oioii\source\repos\oioiieii\my_projects\coffeemachine\cofeemachine\x64\debug\coffeemachine.tlog\resgen.command.1.tlog
c:\users\oioii\source\repos\oioiieii\my_projects\coffeemachine\cofeemachine\x64\debug\coffeemachine.tlog\resgen.read.1.tlog
c:\users\oioii\source\repos\oioiieii\my_projects\coffeemachine\cofeemachine\x64\debug\coffeemachine.tlog\resgen.write.1.tlog
