c:\users\romas\source\repos\it1p\laba6 — копия\laba6\x64\release\laba6.pch
c:\users\romas\source\repos\it1p\laba6 — копия\laba6\x64\release\vc143.pdb
c:\users\romas\source\repos\it1p\laba6 — копия\laba6\x64\release\pch.obj
c:\users\romas\source\repos\it1p\laba6 — копия\laba6\x64\release\mainform.obj
c:\users\romas\source\repos\it1p\laba6 — копия\laba6\x64\release\form1.obj
c:\users\romas\source\repos\it1p\laba6 — копия\laba6\x64\release\dbworker.obj
c:\users\romas\source\repos\it1p\laba6 — копия\laba6\x64\release\cppclr_winformsproject.obj
c:\users\romas\source\repos\it1p\laba6 — копия\laba6\x64\release\converter.obj
c:\users\romas\source\repos\it1p\laba6 — копия\laba6\x64\release\assemblyinfo.obj
c:\users\romas\source\repos\it1p\laba6 — копия\laba6\x64\release\.netframework,version=v4.7.2.assemblyattributes.obj
c:\users\romas\source\repos\it1p\laba6 — копия\laba6\x64\release\app.res
c:\users\romas\source\repos\it1p\laba6 — копия\x64\release\laba6.exe
c:\users\romas\source\repos\it1p\laba6 — копия\laba6\x64\release\laba6.vcxproj.assemblyreference.cache
c:\users\romas\source\repos\it1p\laba6 — копия\laba6\x64\release\laba6.vcxproj.generateresource.cache
c:\users\romas\source\repos\it1p\laba6 — копия\laba6\x64\release\laba6.mainform.resources
c:\users\romas\source\repos\it1p\laba6 — копия\x64\release\laba6.pdb
c:\users\romas\source\repos\it1p\laba6 — копия\laba6\x64\release\laba6.tlog\cl.command.1.tlog
c:\users\romas\source\repos\it1p\laba6 — копия\laba6\x64\release\laba6.tlog\cl.read.1.tlog
c:\users\romas\source\repos\it1p\laba6 — копия\laba6\x64\release\laba6.tlog\cl.write.1.tlog
c:\users\romas\source\repos\it1p\laba6 — копия\laba6\x64\release\laba6.tlog\link.25264-cvtres.read.1.tlog
c:\users\romas\source\repos\it1p\laba6 — копия\laba6\x64\release\laba6.tlog\link.25264-cvtres.write.1.tlog
c:\users\romas\source\repos\it1p\laba6 — копия\laba6\x64\release\laba6.tlog\link.25264-rc.read.1.tlog
c:\users\romas\source\repos\it1p\laba6 — копия\laba6\x64\release\laba6.tlog\link.25264-rc.write.1.tlog
c:\users\romas\source\repos\it1p\laba6 — копия\laba6\x64\release\laba6.tlog\link.25264.read.1.tlog
c:\users\romas\source\repos\it1p\laba6 — копия\laba6\x64\release\laba6.tlog\link.25264.read.2.tlog
c:\users\romas\source\repos\it1p\laba6 — копия\laba6\x64\release\laba6.tlog\link.25264.write.1.tlog
c:\users\romas\source\repos\it1p\laba6 — копия\laba6\x64\release\laba6.tlog\link.37080-cvtres.read.1.tlog
c:\users\romas\source\repos\it1p\laba6 — копия\laba6\x64\release\laba6.tlog\link.37080-cvtres.write.1.tlog
c:\users\romas\source\repos\it1p\laba6 — копия\laba6\x64\release\laba6.tlog\link.37080-rc.read.1.tlog
c:\users\romas\source\repos\it1p\laba6 — копия\laba6\x64\release\laba6.tlog\link.37080-rc.write.1.tlog
c:\users\romas\source\repos\it1p\laba6 — копия\laba6\x64\release\laba6.tlog\link.37080.read.1.tlog
c:\users\romas\source\repos\it1p\laba6 — копия\laba6\x64\release\laba6.tlog\link.37080.read.2.tlog
c:\users\romas\source\repos\it1p\laba6 — копия\laba6\x64\release\laba6.tlog\link.37080.write.1.tlog
c:\users\romas\source\repos\it1p\laba6 — копия\laba6\x64\release\laba6.tlog\link.command.1.tlog
c:\users\romas\source\repos\it1p\laba6 — копия\laba6\x64\release\laba6.tlog\link.read.1.tlog
c:\users\romas\source\repos\it1p\laba6 — копия\laba6\x64\release\laba6.tlog\link.read.2.tlog
c:\users\romas\source\repos\it1p\laba6 — копия\laba6\x64\release\laba6.tlog\link.read.3.tlog
c:\users\romas\source\repos\it1p\laba6 — копия\laba6\x64\release\laba6.tlog\link.write.1.tlog
c:\users\romas\source\repos\it1p\laba6 — копия\laba6\x64\release\laba6.tlog\metagen.read.1.tlog
c:\users\romas\source\repos\it1p\laba6 — копия\laba6\x64\release\laba6.tlog\metagen.write.1.tlog
c:\users\romas\source\repos\it1p\laba6 — копия\laba6\x64\release\laba6.tlog\rc.command.1.tlog
c:\users\romas\source\repos\it1p\laba6 — копия\laba6\x64\release\laba6.tlog\rc.read.1.tlog
c:\users\romas\source\repos\it1p\laba6 — копия\laba6\x64\release\laba6.tlog\rc.write.1.tlog
c:\users\romas\source\repos\it1p\laba6 — копия\laba6\x64\release\laba6.tlog\resgen.command.1.tlog
c:\users\romas\source\repos\it1p\laba6 — копия\laba6\x64\release\laba6.tlog\resgen.read.1.tlog
c:\users\romas\source\repos\it1p\laba6 — копия\laba6\x64\release\laba6.tlog\resgen.write.1.tlog
