c:\users\romas\source\repos\it1p\laba_4\laba_4\x64\debug\laba_4.pch
c:\users\romas\source\repos\it1p\laba_4\laba_4\x64\debug\vc143.pdb
c:\users\romas\source\repos\it1p\laba_4\laba_4\x64\debug\pch.obj
c:\users\romas\source\repos\it1p\laba_4\laba_4\x64\debug\form1.obj
c:\users\romas\source\repos\it1p\laba_4\laba_4\x64\debug\cppclr_winformsproject.obj
c:\users\romas\source\repos\it1p\laba_4\laba_4\x64\debug\assemblyinfo.obj
c:\users\romas\source\repos\it1p\laba_4\laba_4\x64\debug\.netframework,version=v4.7.2.assemblyattributes.obj
c:\users\romas\source\repos\it1p\laba_4\x64\debug\laba_4.exe
c:\users\romas\source\repos\it1p\laba_4\x64\debug\laba_4.pdb
c:\users\romas\source\repos\it1p\laba_4\laba_4\x64\debug\app.res
c:\users\romas\source\repos\it1p\laba_4\laba_4\x64\debug\laba_4.tlog\cl.command.1.tlog
c:\users\romas\source\repos\it1p\laba_4\laba_4\x64\debug\laba_4.tlog\cl.items.tlog
c:\users\romas\source\repos\it1p\laba_4\laba_4\x64\debug\laba_4.tlog\cl.read.1.tlog
c:\users\romas\source\repos\it1p\laba_4\laba_4\x64\debug\laba_4.tlog\cl.write.1.tlog
c:\users\romas\source\repos\it1p\laba_4\laba_4\x64\debug\laba_4.tlog\link.command.1.tlog
c:\users\romas\source\repos\it1p\laba_4\laba_4\x64\debug\laba_4.tlog\link.read.1.tlog
c:\users\romas\source\repos\it1p\laba_4\laba_4\x64\debug\laba_4.tlog\link.secondary.1.tlog
c:\users\romas\source\repos\it1p\laba_4\laba_4\x64\debug\laba_4.tlog\link.write.1.tlog
c:\users\romas\source\repos\it1p\laba_4\laba_4\x64\debug\laba_4.tlog\metagen.read.1.tlog
c:\users\romas\source\repos\it1p\laba_4\laba_4\x64\debug\laba_4.tlog\metagen.write.1.tlog
c:\users\romas\source\repos\it1p\laba_4\laba_4\x64\debug\laba_4.tlog\rc.command.1.tlog
c:\users\romas\source\repos\it1p\laba_4\laba_4\x64\debug\laba_4.tlog\rc.read.1.tlog
c:\users\romas\source\repos\it1p\laba_4\laba_4\x64\debug\laba_4.tlog\rc.write.1.tlog
